[demo.yosoftware.com/html/berg/index.html]
[backblue.gif]
[fade.gif]
[index.html]
[demo.yosoftware.com/html/berg/css/custom.css]
[demo.yosoftware.com/html/berg/img/logo1.png]
[demo.yosoftware.com/html/berg/img/logo2.png]
[demo.yosoftware.com/html/berg/js/modernizr-2.6.2.min.js]
[demo.yosoftware.com/html/berg/index2.html]
[demo.yosoftware.com/html/berg/index3.html]
[demo.yosoftware.com/html/berg/index4.html]
[demo.yosoftware.com/html/berg/index5.html]
[demo.yosoftware.com/html/berg/blog.html]
[demo.yosoftware.com/html/berg/post.html]
[demo.yosoftware.com/html/berg/post2.html]
[demo.yosoftware.com/html/berg/js/jquery-2.1.0.min.js]
[demo.yosoftware.com/html/berg/restaurant.html]
[demo.yosoftware.com/html/berg/menu.html]
[demo.yosoftware.com/html/berg/img/demo/nav/starters.jpg]
[demo.yosoftware.com/html/berg/img/demo/nav/salads.jpg]
[demo.yosoftware.com/html/berg/img/demo/nav/soup.jpg]
[demo.yosoftware.com/html/berg/img/demo/nav/mains.jpg]
[demo.yosoftware.com/html/berg/img/demo/nav/deserts.jpg]
[demo.yosoftware.com/html/berg/contact.html]
[demo.yosoftware.com/html/berg/shop.html]
[demo.yosoftware.com/html/berg/menu2.html]
[demo.yosoftware.com/html/berg/menu3.html]
[demo.yosoftware.com/html/berg/typography.html]
[demo.yosoftware.com/html/berg/gallery.html]
[demo.yosoftware.com/html/berg/fullscreen-intro.html]
[demo.yosoftware.com/html/berg/top-intro.html]
[demo.yosoftware.com/html/berg/without-intro.html]
[demo.yosoftware.com/html/berg/index]
[demo.yosoftware.com/html/berg/js/browser.js]
[demo.yosoftware.com/html/berg/js/jquery.ba-throttle-debounce.min.js]
[demo.yosoftware.com/html/berg/js/matchmedia.js]
[demo.yosoftware.com/html/berg/js/jquery.smooth-scroll.js]
[demo.yosoftware.com/html/berg/js/enquire.min.js]
[demo.yosoftware.com/html/berg/js/waypoints.js]
[demo.yosoftware.com/html/berg/js/owl.carousel.js]
[demo.yosoftware.com/html/berg/js/jquery.backstretch.js]
[demo.yosoftware.com/html/berg/js/jquery.mb.YTPlayer.js]
[demo.yosoftware.com/html/berg/js/jquery.imagesloaded.js]
[demo.yosoftware.com/html/berg/js/jquery.unveil.min.js]
[demo.yosoftware.com/html/berg/js/jquery.parallaxify.js]
[demo.yosoftware.com/html/berg/js/jquery.superslides.min.js]
[demo.yosoftware.com/html/berg/js/jquery.fullPage.min.js]
[demo.yosoftware.com/html/berg/js/jquery.mixitup.js]
[demo.yosoftware.com/html/berg/js/main.js]
[www.google-analytics.com/analytics.js]
[demo.yosoftware.com/html/berg/index.html]
[demo.yosoftware.com/html/berg/fonts/font-awesome-4.1.0/fontawesome-webfont862f.eot]
[demo.yosoftware.com/html/berg/fonts/font-awesome-4.1.0/fontawesome-webfontd41d.eot]
[demo.yosoftware.com/html/berg/fonts/font-awesome-4.1.0/fontawesome-webfont862f.woff]
[demo.yosoftware.com/html/berg/fonts/font-awesome-4.1.0/fontawesome-webfont862f.svg]
[demo.yosoftware.com/html/berg/fonts/simple-line-icons/fonts/Simple-Line-Icons.eot]
[demo.yosoftware.com/html/berg/fonts/fontello-arrows/font/fontello222d.eot]
[demo.yosoftware.com/html/berg/fonts/fontello-arrows/font/fontello222d.woff]
[demo.yosoftware.com/html/berg/fonts/fontello-arrows/font/fontello222d.svg]
[demo.yosoftware.com/html/berg/img/demo/wall.jpg]
[demo.yosoftware.com/html/berg/img/demo/menu-bg.jpg]
[demo.yosoftware.com/html/berg/img/demo/blog-bg.jpg]
[demo.yosoftware.com/html/berg/img/demo/shop-bg.jpg]
[demo.yosoftware.com/html/berg/img/overlay.png]
[demo.yosoftware.com/html/berg/img/owl.video.play.png]
[demo.yosoftware.com/html/berg/css/custom.css]
[demo.yosoftware.com/html/berg/img/demo/splash.jpg]
[demo.yosoftware.com/html/berg/img/demo/splash2.jpg]
[demo.yosoftware.com/html/berg/img/demo/splash3.jpg]
[demo.yosoftware.com/html/berg/index2.html]
[demo.yosoftware.com/html/berg/index3.html]
[demo.yosoftware.com/html/berg/index4.html]
[demo.yosoftware.com/html/berg/img/logo18.png]
[demo.yosoftware.com/html/berg/index5.html]
[demo.yosoftware.com/html/berg/img/placeholder2.png]
[demo.yosoftware.com/html/berg/blog-content-2.html]
[demo.yosoftware.com/html/berg/blog.html]
[demo.yosoftware.com/html/berg/img/demo/blog/blog3.jpg]
[demo.yosoftware.com/html/berg/img/demo/blog/post-3.jpg]
[demo.yosoftware.com/html/berg/img/demo/blog/post5.jpg]
[demo.yosoftware.com/html/berg/img/demo/blog/comment2.jpg]
[demo.yosoftware.com/html/berg/img/demo/blog/comment3.jpg]
[demo.yosoftware.com/html/berg/post.html]
[demo.yosoftware.com/html/berg/img/demo/post.jpg]
[demo.yosoftware.com/html/berg/img/demo/blog/post-7.jpg]
[demo.yosoftware.com/html/berg/img/demo/blog/post6.jpg]
[demo.yosoftware.com/html/berg/post2.html]
[demo.yosoftware.com/html/berg/img/demo/restaurant-bg2.jpg]
[demo.yosoftware.com/html/berg/img/demo/restaurant-bg3.jpg]
[demo.yosoftware.com/html/berg/restaurant.html]
[demo.yosoftware.com/html/berg/img/demo/food/1.jpg]
[demo.yosoftware.com/html/berg/img/demo/food/22.jpg]
[demo.yosoftware.com/html/berg/img/demo/food/28.jpg]
[demo.yosoftware.com/html/berg/img/demo/food/32.jpg]
[demo.yosoftware.com/html/berg/img/demo/food/18.jpg]
[demo.yosoftware.com/html/berg/img/demo/food/3.jpg]
[demo.yosoftware.com/html/berg/img/demo/food/21.jpg]
[demo.yosoftware.com/html/berg/img/demo/food/23.jpg]
[demo.yosoftware.com/html/berg/img/demo/food/19.jpg]
[demo.yosoftware.com/html/berg/img/demo/food/24.jpg]
[demo.yosoftware.com/html/berg/img/demo/food/25.jpg]
[demo.yosoftware.com/html/berg/img/demo/food/20.jpg]
[demo.yosoftware.com/html/berg/img/demo/food/15.jpg]
[demo.yosoftware.com/html/berg/img/demo/food/8.jpg]
[demo.yosoftware.com/html/berg/img/demo/food/4.jpg]
[demo.yosoftware.com/html/berg/img/demo/food/17.jpg]
[demo.yosoftware.com/html/berg/img/demo/food/27.jpg]
[demo.yosoftware.com/html/berg/img/demo/food/30.jpg]
[demo.yosoftware.com/html/berg/img/demo/food/29.jpg]
[demo.yosoftware.com/html/berg/menu.html]
[demo.yosoftware.com/html/berg/reservation.html]
[demo.yosoftware.com/html/berg/contact.html]
[demo.yosoftware.com/html/berg/cart.html]
[demo.yosoftware.com/html/berg/product.html]
[demo.yosoftware.com/html/berg/img/demo/food/9.jpg]
[demo.yosoftware.com/html/berg/shop.html]
[demo.yosoftware.com/html/berg/menu2.html]
[demo.yosoftware.com/html/berg/menu3.html]
[demo.yosoftware.com/html/berg/typography.html]
[demo.yosoftware.com/html/berg/img/demo/blog/blog1.jpg]
[demo.yosoftware.com/html/berg/img/demo/blog/blog2.jpg]
[demo.yosoftware.com/html/berg/img/demo/blog/blog4.jpg]
[demo.yosoftware.com/html/berg/img/demo/blog/blog5.jpg]
[demo.yosoftware.com/html/berg/img/demo/blog/blog6.jpg]
[demo.yosoftware.com/html/berg/img/demo/blog/blog7.jpg]
[demo.yosoftware.com/html/berg/img/demo/blog/blog8.jpg]
[demo.yosoftware.com/html/berg/img/demo/blog/blog9.jpg]
[demo.yosoftware.com/html/berg/gallery-content-2.html]
[demo.yosoftware.com/html/berg/gallery.html]
[demo.yosoftware.com/html/berg/fullscreen-intro.html]
[demo.yosoftware.com/html/berg/top-intro.html]
[demo.yosoftware.com/html/berg/without-intro.html]
[demo.yosoftware.com/html/berg/img/demo/paralax-berg.jpg]
[demo.yosoftware.com/html/berg/index-2.html]
[demo.yosoftware.com/html/berg/js/jquery.velocity.min.js]
[demo.yosoftware.com/html/berg/fonts/font-awesome-4.1.0/fontawesome-webfont862f.html]
[demo.yosoftware.com/html/berg/fonts/font-awesome-4.1.0/fontawesome-webfont862f.svg]
[demo.yosoftware.com/html/berg/fonts/simple-line-icons/fonts/Simple-Line-Iconsd41d.eot]
[demo.yosoftware.com/html/berg/fonts/simple-line-icons/fonts/Simple-Line-Icons.svg]
[demo.yosoftware.com/html/berg/fonts/fontello-arrows/font/fontello222d.html]
[demo.yosoftware.com/html/berg/fonts/fontello-arrows/font/fontello222d.svg]
[demo.yosoftware.com/html/berg/blog-content-3.html]
[demo.yosoftware.com/html/berg/blog-content-2.html]
[demo.yosoftware.com/html/berg/img/demo/blog/post-4.jpg]
[demo.yosoftware.com/html/berg/img/demo/blog/comment1.jpg]
[demo.yosoftware.com/html/berg/img/demo/blog/post-8.jpg]
[demo.yosoftware.com/html/berg/img/placeholder.png]
[demo.yosoftware.com/html/berg/img/demo/food/11.jpg]
[demo.yosoftware.com/html/berg/img/demo/food/2.jpg]
[demo.yosoftware.com/html/berg/img/demo/food/13.jpg]
[demo.yosoftware.com/html/berg/img/demo/food/26.jpg]
[demo.yosoftware.com/html/berg/img/demo/food/10.jpg]
[demo.yosoftware.com/html/berg/img/demo/food/6.jpg]
[demo.yosoftware.com/html/berg/img/demo/food/31.jpg]
[demo.yosoftware.com/html/berg/img/demo/nav/drinks.jpg]
[demo.yosoftware.com/html/berg/inc/securimage/securimage_show.png]
[demo.yosoftware.com/html/berg/reservation.html]
[demo.yosoftware.com/html/berg/img/demo/food/th1.jpg]
[demo.yosoftware.com/html/berg/img/demo/food/th2.jpg]
[demo.yosoftware.com/html/berg/img/demo/food/th3.jpg]
[demo.yosoftware.com/html/berg/cart.html]
[demo.yosoftware.com/html/berg/img/demo/blog/post1.jpg]
[demo.yosoftware.com/html/berg/img/demo/blog/post2.jpg]
[demo.yosoftware.com/html/berg/product.html]
[demo.yosoftware.com/html/berg/img/demo/blog/blog13.jpg]
[demo.yosoftware.com/html/berg/img/demo/blog/blog12.jpg]
[demo.yosoftware.com/html/berg/gallery-content-2.html]
[demo.yosoftware.com/html/berg/fonts/simple-line-icons/fonts/Simple-Line-Icons.woff]
[demo.yosoftware.com/html/berg/fonts/simple-line-icons/fonts/Simple-Line-Icons.ttf]
[demo.yosoftware.com/html/berg/fonts/simple-line-icons/fonts/Simple-Line-Icons.svg]
[demo.yosoftware.com/html/berg/blog-content-3.html]
[demo.yosoftware.com/html/berg/img/demo/restaurant-bg.jpg]
[demo.yosoftware.com/html/berg/img/demo/food/16.jpg]
[demo.yosoftware.com/html/berg/img/demo/food/7.jpg]
[demo.yosoftware.com/html/berg/ajax-gallery.html]
[demo.yosoftware.com/html/berg/img/demo/blog/blog11.jpg]
[demo.yosoftware.com/html/berg/gallery-content-3.html]
[demo.yosoftware.com/html/berg/blog-content-3.php]
[demo.yosoftware.com/html/berg/img/demo/food/12.jpg]
[demo.yosoftware.com/html/berg/img/demo/food/14.jpg]
[demo.yosoftware.com/html/berg/ajax-gallery.html]
[demo.yosoftware.com/html/berg/gallery-content-3.html]
[demo.yosoftware.com/html/berg/blog-content-3.php]
